[     181ms] [INFO] %cDownload the React DevTools for a better development experience: https://reactjs.org/link/react-devtools font-weight:bold @ http://localhost:3000/static/js/bundle.js:49004
[     254ms] [WARNING] ⚠️ React Router Future Flag Warning: React Router will begin wrapping state updates in `React.startTransition` in v7. You can use the `v7_startTransition` future flag to opt-in early. For more information, see https://reactrouter.com/v6/upgrading/future#v7_starttransition. @ http://localhost:3000/static/js/bundle.js:52278
[     254ms] [WARNING] ⚠️ React Router Future Flag Warning: Relative route resolution within Splat routes is changing in v7. You can use the `v7_relativeSplatPath` future flag to opt-in early. For more information, see https://reactrouter.com/v6/upgrading/future#v7_relativesplatpath. @ http://localhost:3000/static/js/bundle.js:52278
[   25621ms] [ERROR] Warning: validateDOMNesting(...): %s cannot appear as a descendant of <%s>.%s <form> form 
    at form
    at div
    at PropertyForm (http://localhost:3000/static/js/bundle.js:312:3)
    at div
    at div
    at form
    at div
    at div
    at About (http://localhost:3000/static/js/bundle.js:1317:88)
    at RenderedRoute (http://localhost:3000/static/js/bundle.js:51862:5)
    at Outlet (http://localhost:3000/static/js/bundle.js:52509:26)
    at main
    at div
    at Layout
    at RenderedRoute (http://localhost:3000/static/js/bundle.js:51862:5)
    at Routes (http://localhost:3000/static/js/bundle.js:52596:5)
    at Router (http://localhost:3000/static/js/bundle.js:52530:15)
    at BrowserRouter (http://localhost:3000/static/js/bundle.js:50435:5)
    at App @ http://localhost:3000/static/js/bundle.js:23317
